apiVersion: v1
kind: Namespace
metadata:
  annotations: {}
  labels:
    name: syn-ingress-nginx
  name: syn-ingress-nginx
