apiVersion: v1
kind: Namespace
metadata:
  annotations: {}
  labels:
    monitoring.syn.tools/monitoring: 'true'
    name: syn-ingress-nginx
  name: syn-ingress-nginx
