apiVersion: v1
data:
  allow-snippet-annotations: 'true'
kind: ConfigMap
metadata:
  labels:
    app.kubernetes.io/component: controller
    app.kubernetes.io/instance: ingress-nginx
    app.kubernetes.io/managed-by: Helm
    app.kubernetes.io/name: ingress-nginx
    app.kubernetes.io/part-of: ingress-nginx
    app.kubernetes.io/version: 1.1.3
    helm.sh/chart: ingress-nginx-4.0.19
  name: ingress-nginx-controller
  namespace: syn-ingress-nginx
