apiVersion: v1
kind: Service
metadata:
  annotations: null
  labels:
    app.kubernetes.io/component: controller
    app.kubernetes.io/instance: ingress-nginx
    app.kubernetes.io/managed-by: Helm
    app.kubernetes.io/name: ingress-nginx
    app.kubernetes.io/part-of: ingress-nginx
    app.kubernetes.io/version: 1.10.6
    helm.sh/chart: ingress-nginx-4.10.6
  name: ingress-nginx-controller
  namespace: syn-ingress-nginx
spec:
  ipFamilies:
    - IPv4
  ipFamilyPolicy: SingleStack
  ports:
    - appProtocol: http
      name: http
      port: 80
      protocol: TCP
      targetPort: http
    - appProtocol: https
      name: https
      port: 443
      protocol: TCP
      targetPort: https
  selector:
    app.kubernetes.io/component: controller
    app.kubernetes.io/instance: ingress-nginx
    app.kubernetes.io/name: ingress-nginx
  type: LoadBalancer
