apiVersion: v1
kind: Service
metadata:
  labels:
    app.kubernetes.io/component: controller
    app.kubernetes.io/instance: ingress-nginx
    app.kubernetes.io/managed-by: Helm
    app.kubernetes.io/name: ingress-nginx
    app.kubernetes.io/part-of: ingress-nginx
    app.kubernetes.io/version: 1.10.5
    helm.sh/chart: ingress-nginx-4.10.5
  name: ingress-nginx-controller-metrics
  namespace: syn-ingress-nginx
spec:
  ports:
    - name: metrics
      port: 10254
      protocol: TCP
      targetPort: metrics
  selector:
    app.kubernetes.io/component: controller
    app.kubernetes.io/instance: ingress-nginx
    app.kubernetes.io/name: ingress-nginx
  type: ClusterIP
