apiVersion: policy/v1
kind: PodDisruptionBudget
metadata:
  labels:
    app.kubernetes.io/component: controller
    app.kubernetes.io/instance: ingress-nginx
    app.kubernetes.io/managed-by: Helm
    app.kubernetes.io/name: ingress-nginx
    app.kubernetes.io/part-of: ingress-nginx
    app.kubernetes.io/version: 1.12.3
    helm.sh/chart: ingress-nginx-4.12.3
  name: ingress-nginx-controller
  namespace: syn-ingress-nginx
spec:
  minAvailable: 1
  selector:
    matchLabels:
      app.kubernetes.io/component: controller
      app.kubernetes.io/instance: ingress-nginx
      app.kubernetes.io/name: ingress-nginx
