apiVersion: rbac.authorization.k8s.io/v1
kind: RoleBinding
metadata:
  labels:
    app.kubernetes.io/component: controller
    app.kubernetes.io/instance: ingress-nginx
    app.kubernetes.io/managed-by: Helm
    app.kubernetes.io/name: ingress-nginx
    app.kubernetes.io/part-of: ingress-nginx
    app.kubernetes.io/version: 1.10.4
    helm.sh/chart: ingress-nginx-4.10.4
  name: ingress-nginx
  namespace: syn-ingress-nginx
roleRef:
  apiGroup: rbac.authorization.k8s.io
  kind: Role
  name: ingress-nginx
subjects:
  - kind: ServiceAccount
    name: ingress-nginx
    namespace: syn-ingress-nginx
