apiVersion: batch/v1
kind: Job
metadata:
  annotations:
    helm.sh/hook: pre-install,pre-upgrade
    helm.sh/hook-delete-policy: before-hook-creation,hook-succeeded
  labels:
    app.kubernetes.io/component: admission-webhook
    app.kubernetes.io/instance: ingress-nginx
    app.kubernetes.io/managed-by: Helm
    app.kubernetes.io/name: ingress-nginx
    app.kubernetes.io/part-of: ingress-nginx
    app.kubernetes.io/version: 1.12.7
    helm.sh/chart: ingress-nginx-4.12.7
  name: ingress-nginx-admission-create
  namespace: syn-ingress-nginx
spec:
  template:
    metadata:
      labels:
        app.kubernetes.io/component: admission-webhook
        app.kubernetes.io/instance: ingress-nginx
        app.kubernetes.io/managed-by: Helm
        app.kubernetes.io/name: ingress-nginx
        app.kubernetes.io/part-of: ingress-nginx
        app.kubernetes.io/version: 1.12.7
        helm.sh/chart: ingress-nginx-4.12.7
      name: ingress-nginx-admission-create
    spec:
      containers:
        - args:
            - create
            - --host=ingress-nginx-controller-admission,ingress-nginx-controller-admission.$(POD_NAMESPACE).svc
            - --namespace=$(POD_NAMESPACE)
            - --secret-name=ingress-nginx-admission
          env:
            - name: POD_NAMESPACE
              valueFrom:
                fieldRef:
                  fieldPath: metadata.namespace
          image: registry.k8s.io/ingress-nginx/kube-webhook-certgen:v1.6.3@sha256:3d671cf20a35cd94efc5dcd484970779eb21e7938c98fbc3673693b8a117cf39
          imagePullPolicy: IfNotPresent
          name: create
          securityContext:
            allowPrivilegeEscalation: false
            capabilities:
              drop:
                - ALL
            readOnlyRootFilesystem: true
            runAsGroup: 65532
            runAsNonRoot: true
            runAsUser: 65532
            seccompProfile:
              type: RuntimeDefault
      nodeSelector:
        kubernetes.io/os: linux
      restartPolicy: OnFailure
      serviceAccountName: ingress-nginx-admission
  ttlSecondsAfterFinished: 0
