apiVersion: batch/v1
kind: Job
metadata:
  annotations:
    helm.sh/hook: post-install,post-upgrade
    helm.sh/hook-delete-policy: before-hook-creation,hook-succeeded
  labels:
    app.kubernetes.io/component: admission-webhook
    app.kubernetes.io/instance: ingress-nginx
    app.kubernetes.io/managed-by: Helm
    app.kubernetes.io/name: ingress-nginx
    app.kubernetes.io/part-of: ingress-nginx
    app.kubernetes.io/version: 1.12.2
    helm.sh/chart: ingress-nginx-4.12.2
  name: ingress-nginx-admission-patch
  namespace: syn-ingress-nginx
spec:
  template:
    metadata:
      labels:
        app.kubernetes.io/component: admission-webhook
        app.kubernetes.io/instance: ingress-nginx
        app.kubernetes.io/managed-by: Helm
        app.kubernetes.io/name: ingress-nginx
        app.kubernetes.io/part-of: ingress-nginx
        app.kubernetes.io/version: 1.12.2
        helm.sh/chart: ingress-nginx-4.12.2
      name: ingress-nginx-admission-patch
    spec:
      containers:
        - args:
            - patch
            - --webhook-name=ingress-nginx-admission
            - --namespace=$(POD_NAMESPACE)
            - --patch-mutating=false
            - --secret-name=ingress-nginx-admission
            - --patch-failure-policy=Fail
          env:
            - name: POD_NAMESPACE
              valueFrom:
                fieldRef:
                  fieldPath: metadata.namespace
          image: registry.k8s.io/ingress-nginx/kube-webhook-certgen:v1.5.3@sha256:2cf4ebfa82a37c357455458f6dfc334aea1392d508270b2517795a9933a02524
          imagePullPolicy: IfNotPresent
          name: patch
          securityContext:
            allowPrivilegeEscalation: false
            capabilities:
              drop:
                - ALL
            readOnlyRootFilesystem: true
            runAsGroup: 65532
            runAsNonRoot: true
            runAsUser: 65532
            seccompProfile:
              type: RuntimeDefault
      nodeSelector:
        kubernetes.io/os: linux
      restartPolicy: OnFailure
      serviceAccountName: ingress-nginx-admission
