apiVersion: v1
automountServiceAccountToken: true
kind: ServiceAccount
metadata:
  annotations:
    helm.sh/hook: pre-install,pre-upgrade,post-install,post-upgrade
    helm.sh/hook-delete-policy: before-hook-creation,hook-succeeded
  labels:
    app.kubernetes.io/component: admission-webhook
    app.kubernetes.io/instance: ingress-nginx
    app.kubernetes.io/managed-by: Helm
    app.kubernetes.io/name: ingress-nginx
    app.kubernetes.io/part-of: ingress-nginx
    app.kubernetes.io/version: 1.11.5
    helm.sh/chart: ingress-nginx-4.11.5
  name: ingress-nginx-admission
  namespace: syn-ingress-nginx
